\BOOKMARK [1][-]{Doc-Start}{\376\377\000D\000o\000c\000u\000m\000e\000n\000t\000\040\000C\000o\000n\000t\000r\000o\000l}{}% 1
\BOOKMARK [1][-]{table.caption.1}{\376\377\000R\000e\000v\000i\000s\000i\000o\000n\000\040\000H\000i\000s\000t\000o\000r\000y}{}% 2
\BOOKMARK [1][-]{section.1}{\376\377\000E\000x\000e\000c\000u\000t\000i\000v\000e\000\040\000S\000u\000m\000m\000a\000r\000y}{}% 3
\BOOKMARK [1][-]{section.2}{\376\377\000I\000n\000t\000r\000o\000d\000u\000c\000t\000i\000o\000n\000\040\000\046\000\040\000B\000a\000c\000k\000g\000r\000o\000u\000n\000d}{}% 4
\BOOKMARK [1][-]{section.3}{\376\377\000O\000b\000j\000e\000c\000t\000i\000v\000e\000s}{}% 5
\BOOKMARK [1][-]{section.4}{\376\377\000U\000n\000d\000e\000r\000s\000t\000a\000n\000d\000i\000n\000g\000\040\000S\000L\000A\000M\000:\000\040\000C\000o\000r\000e\000\040\000C\000o\000n\000c\000e\000p\000t\000s}{}% 6
\BOOKMARK [2][-]{subsection.4.1}{\376\377\000T\000h\000e\000\040\000S\000L\000A\000M\000\040\000P\000r\000o\000b\000l\000e\000m}{section.4}% 7
\BOOKMARK [2][-]{subsection.4.2}{\376\377\000F\000r\000o\000n\000t\000-\000E\000n\000d\000\040\000v\000s\000\040\000B\000a\000c\000k\000-\000E\000n\000d\000\040\000A\000r\000c\000h\000i\000t\000e\000c\000t\000u\000r\000e}{section.4}% 8
\BOOKMARK [2][-]{subsection.4.3}{\376\377\000C\000a\000t\000e\000g\000o\000r\000i\000e\000s\000\040\000o\000f\000\040\000S\000L\000A\000M\000\040\000A\000p\000p\000r\000o\000a\000c\000h\000e\000s}{section.4}% 9
\BOOKMARK [2][-]{subsection.4.4}{\376\377\000T\000h\000e\000\040\000P\000i\000p\000e\000l\000i\000n\000e\000s\000\040\000S\000t\000u\000d\000i\000e\000d\000:\000\040\000O\000R\000B\000-\000S\000L\000A\000M\0003\000\040\000a\000n\000d\000\040\000R\000T\000A\000B\000-\000M\000a\000p}{section.4}% 10
\BOOKMARK [1][-]{section.5}{\376\377\000G\000l\000o\000s\000s\000a\000r\000y\000\040\000o\000f\000\040\000T\000e\000r\000m\000s}{}% 11
\BOOKMARK [1][-]{section.6}{\376\377\000R\000e\000s\000e\000a\000r\000c\000h\000\040\000M\000e\000t\000h\000o\000d\000o\000l\000o\000g\000y\000\040\000\046\000\040\000A\000c\000t\000i\000v\000i\000t\000i\000e\000s}{}% 12
\BOOKMARK [2][-]{subsection.6.1}{\376\377\000L\000i\000t\000e\000r\000a\000t\000u\000r\000e\000\040\000R\000e\000v\000i\000e\000w}{section.6}% 13
\BOOKMARK [2][-]{subsection.6.2}{\376\377\000F\000r\000a\000m\000e\000w\000o\000r\000k\000\040\000E\000v\000a\000l\000u\000a\000t\000i\000o\000n\000:\000\040\000O\000R\000B\000-\000S\000L\000A\000M\0003\000\040\000v\000s\000\040\000R\000T\000A\000B\000-\000M\000a\000p}{section.6}% 14
\BOOKMARK [2][-]{subsection.6.3}{\376\377\000D\000e\000v\000e\000l\000o\000p\000m\000e\000n\000t\000\040\000E\000n\000v\000i\000r\000o\000n\000m\000e\000n\000t}{section.6}% 15
\BOOKMARK [1][-]{section.7}{\376\377\000S\000y\000s\000t\000e\000m\000\040\000A\000r\000c\000h\000i\000t\000e\000c\000t\000u\000r\000e\000\040\000S\000t\000u\000d\000i\000e\000d}{}% 16
\BOOKMARK [1][-]{section.8}{\376\377\000C\000a\000m\000e\000r\000a\000\040\000\046\000\040\000S\000e\000n\000s\000o\000r\000\040\000S\000t\000u\000d\000y}{}% 17
\BOOKMARK [2][-]{subsection.8.1}{\376\377\000C\000a\000m\000e\000r\000a\000\040\000T\000y\000p\000e\000s\000\040\000a\000n\000d\000\040\000A\000c\000q\000u\000i\000s\000i\000t\000i\000o\000n\000\040\000M\000e\000t\000h\000o\000d\000s}{section.8}% 18
\BOOKMARK [2][-]{subsection.8.2}{\376\377\000C\000a\000l\000i\000b\000r\000a\000t\000i\000o\000n\000,\000\040\000D\000i\000s\000t\000o\000r\000t\000i\000o\000n\000,\000\040\000a\000n\000d\000\040\000S\000y\000n\000c\000h\000r\000o\000n\000i\000z\000a\000t\000i\000o\000n}{section.8}% 19
\BOOKMARK [1][-]{section.9}{\376\377\000K\000n\000o\000w\000l\000e\000d\000g\000e\000\040\000G\000a\000i\000n\000e\000d}{}% 20
\BOOKMARK [1][-]{section.10}{\376\377\000P\000r\000o\000p\000o\000s\000e\000d\000\040\000I\000n\000t\000e\000g\000r\000a\000t\000i\000o\000n\000:\000\040\000S\000L\000A\000M\000\040\000o\000n\000\040\000t\000h\000e\000\040\000D\000r\000o\000n\000e\000\040\000P\000l\000a\000t\000f\000o\000r\000m}{}% 21
\BOOKMARK [2][-]{subsection.10.1}{\376\377\000H\000a\000r\000d\000w\000a\000r\000e\000\040\000A\000r\000c\000h\000i\000t\000e\000c\000t\000u\000r\000e}{section.10}% 22
\BOOKMARK [2][-]{subsection.10.2}{\376\377\000S\000o\000f\000t\000w\000a\000r\000e\000\040\000S\000t\000a\000c\000k\000\040\000\046\000\040\000D\000a\000t\000a\000\040\000F\000l\000o\000w}{section.10}% 23
\BOOKMARK [2][-]{subsection.10.3}{\376\377\000I\000n\000t\000e\000g\000r\000a\000t\000i\000o\000n\000\040\000w\000i\000t\000h\000\040\000A\000r\000d\000u\000P\000i\000l\000o\000t\000\040\000/\000\040\000M\000A\000V\000L\000i\000n\000k}{section.10}% 24
\BOOKMARK [2][-]{subsection.10.4}{\376\377\000I\000n\000t\000e\000g\000r\000a\000t\000i\000o\000n\000\040\000w\000i\000t\000h\000\040\000A\000E\000R\000O\000-\000G\000C\000S}{section.10}% 25
\BOOKMARK [2][-]{subsection.10.5}{\376\377\000P\000h\000a\000s\000e\000d\000\040\000I\000m\000p\000l\000e\000m\000e\000n\000t\000a\000t\000i\000o\000n\000\040\000P\000l\000a\000n}{section.10}% 26
\BOOKMARK [2][-]{subsection.10.6}{\376\377\000U\000s\000e\000\040\000C\000a\000s\000e\000:\000\040\000S\000A\000R\000\040\000/\000\040\000G\000P\000S\000-\000D\000e\000n\000i\000e\000d\000\040\000O\000p\000e\000r\000a\000t\000i\000o\000n\000s}{section.10}% 27
\BOOKMARK [2][-]{subsection.10.7}{\376\377\000S\000a\000f\000e\000t\000y\000\040\000\046\000\040\000F\000a\000i\000l\000o\000v\000e\000r\000\040\000C\000o\000n\000s\000i\000d\000e\000r\000a\000t\000i\000o\000n\000s}{section.10}% 28
\BOOKMARK [1][-]{section.11}{\376\377\000R\000i\000s\000k\000s\000\040\000\046\000\040\000C\000h\000a\000l\000l\000e\000n\000g\000e\000s}{}% 29
\BOOKMARK [1][-]{section.12}{\376\377\000F\000u\000t\000u\000r\000e\000\040\000S\000c\000o\000p\000e}{}% 30
\BOOKMARK [1][-]{section.13}{\376\377\000C\000o\000n\000c\000l\000u\000s\000i\000o\000n}{}% 31
\BOOKMARK [1][-]{section.14}{\376\377\000R\000e\000f\000e\000r\000e\000n\000c\000e\000s\000\040\000\046\000\040\000F\000u\000r\000t\000h\000e\000r\000\040\000R\000e\000a\000d\000i\000n\000g}{}% 32
